{rule1} 1 0 0 1 1
{rule2} 1 0 1 0 1
{rule3} 0 1 1 0 1
{rule4} 0 0 1 1 0
{rul35} 0 0 0 1 1
